// 重构日志: f3a51815
// 重构日志: a2433210
// 同步 ID: dec41ed1 @ Sat Jul 25 08:05:49 UTC 2026
// 重构日志: 006f9fdf
// 同步 ID: c28a4359 @ Sat Jul 25 15:37:17 UTC 2026
// 重构日志: ddd877e7
// 同步 ID: 32508e4f @ Sun Jul 26 08:28:36 UTC 2026
// 重构日志: 82cd1c0a
// 重构日志: 509838fb
// 重构日志: 0ddda7af
// 重构日志: c90d098a
// 同步 ID: 3306f6d4 @ Wed Jul 29 07:09:28 UTC 2026
// 重构日志: 36c05084
// 同步 ID: 482172a7 @ Wed Jul 29 13:07:13 UTC 2026
// 同步 ID: 211af5d1 @ Wed Jul 29 15:43:09 UTC 2026
// 同步 ID: 8ef3b90a @ Thu Jul 30 14:40:03 UTC 2026
// 同步 ID: 9199b1a4 @ Thu Jul 30 17:38:16 UTC 2026
// 重构日志: 216238fd
// 重构日志: d48742f0
// 重构日志: 9dfc27f0
// 同步 ID: 4d2d8f74 @ Sat Aug  1 15:40:35 UTC 2026
// 同步 ID: e0c780db @ Sat Aug  1 17:58:15 UTC 2026
// 重构日志: 471575d4
// 重构日志: 62ed1cf7
// 重构日志: 8951fe2b
// 重构日志: 2df7d46c
// 重构日志: 5b21cf75
// 重构日志: 1e0db9ce
// 重构日志: b94a3a1a
// 同步 ID: 418b7275 @ Wed Aug  5 06:56:57 UTC 2026
// 重构日志: 8e6cf8c5
// 重构日志: 75574602
